// Jest Snapshot v1, https://goo.gl/fbAQLP

exports[`Chart configuration wizard should match snapshot 1`] = `
<div
  class="MuiDrawer-root MuiDrawer-modal"
  role="presentation"
  style="position: fixed; z-index: 1300; right: 0px; bottom: 0px; top: 0px; left: 0px;"
>
  <div
    aria-hidden="true"
    class="MuiBackdrop-root"
    style="opacity: 1; webkit-transition: opacity 225ms cubic-bezier(0.4, 0, 0.2, 1) 0ms; transition: opacity 225ms cubic-bezier(0.4, 0, 0.2, 1) 0ms;"
  />
  <div
    data-test="sentinelStart"
    tabindex="0"
  />
  <div
    class="MuiPaper-root MuiDrawer-paper makeStyles-paper-1 MuiDrawer-paperAnchorRight MuiPaper-elevation16"
    tabindex="-1"
  >
    <div
      class="MuiBox-root MuiBox-root-2"
    >
      <div
        class="MuiBox-root MuiBox-root-6"
      >
        <div
          class="MuiBox-root MuiBox-root-7"
        >
          <h6
            class="MuiTypography-root MuiTypography-h6"
          >
            Chart Configuration Wizard
          </h6>
          
        </div>
        <button
          class="MuiButtonBase-root MuiIconButton-root WithStyles(ForwardRef(IconButton))-root-8"
          data-testid="close-wizard"
          tabindex="0"
          type="button"
        >
          <span
            class="MuiIconButton-label"
          >
            <svg
              aria-hidden="true"
              class="MuiSvgIcon-root"
              focusable="false"
              viewBox="0 0 24 24"
            >
              <path
                d="M19 6.41L17.59 5 12 10.59 6.41 5 5 6.41 10.59 12 5 17.59 6.41 19 12 13.41 17.59 19 19 17.59 13.41 12z"
              />
            </svg>
          </span>
          <span
            class="MuiTouchRipple-root"
          />
        </button>
      </div>
      <div
        class="MuiBox-root MuiBox-root-9"
      >
        <div
          class="MuiBox-root MuiBox-root-12"
        >
          <hr
            class="MuiDivider-root"
          />
          <div
            class="MuiBox-root MuiBox-root-13"
          >
            <h6
              class="MuiTypography-root MuiTypography-subtitle1"
            >
              Choose a chart type to start configuring your chart
            </h6>
            <div
              class="MuiBox-root MuiBox-root-14 makeStyles-chartSelectorContainer-10"
            >
              <div
                class="MuiBox-root MuiBox-root-15"
              >
                <div
                  class="MuiBox-root MuiBox-root-16"
                >
                  <h6
                    class="MuiTypography-root MuiTypography-subtitle2"
                  >
                    Line Chart
                  </h6>
                </div>
                <div
                  class="MuiBox-root MuiBox-root-17 makeStyles-chartTypeContainer-11"
                >
                  <div
                    class="MuiBox-root MuiBox-root-21 makeStyles-buttonContainer-18"
                    data-testid="lineChart"
                  >
                    <div
                      class="MuiBox-root MuiBox-root-22 makeStyles-imageContainer-19"
                    >
                      <img
                        alt="lineChart"
                        src="lineChart.svg"
                      />
                    </div>
                    <span
                      class="MuiTypography-root MuiTypography-caption"
                    >
                      Line Chart
                    </span>
                  </div>
                </div>
              </div>
              <div
                class="MuiBox-root MuiBox-root-23"
              >
                <div
                  class="MuiBox-root MuiBox-root-24"
                >
                  <h6
                    class="MuiTypography-root MuiTypography-subtitle2"
                  >
                    Bar Chart
                  </h6>
                </div>
                <div
                  class="MuiBox-root MuiBox-root-25 makeStyles-chartTypeContainer-11"
                >
                  <div
                    class="MuiBox-root MuiBox-root-26 makeStyles-buttonContainer-18"
                    data-testid="barChart"
                  >
                    <div
                      class="MuiBox-root MuiBox-root-27 makeStyles-imageContainer-19"
                    >
                      <img
                        alt="barChart"
                        src="barChart.svg"
                      />
                    </div>
                    <span
                      class="MuiTypography-root MuiTypography-caption"
                    >
                      Bar Chart
                    </span>
                  </div>
                </div>
              </div>
              <div
                class="MuiBox-root MuiBox-root-28"
              >
                <div
                  class="MuiBox-root MuiBox-root-29"
                >
                  <h6
                    class="MuiTypography-root MuiTypography-subtitle2"
                  >
                    Geo Chart
                  </h6>
                </div>
                <div
                  class="MuiBox-root MuiBox-root-30 makeStyles-chartTypeContainer-11"
                >
                  <div
                    class="MuiBox-root MuiBox-root-31 makeStyles-buttonContainer-18"
                    data-testid="heatMap"
                  >
                    <div
                      class="MuiBox-root MuiBox-root-32 makeStyles-imageContainer-19"
                    >
                      <img
                        alt="heatMap"
                        src="heatmap.svg"
                      />
                    </div>
                    <span
                      class="MuiTypography-root MuiTypography-caption"
                    >
                      Heatmap
                    </span>
                  </div>
                  <div
                    class="MuiBox-root MuiBox-root-33 makeStyles-buttonContainer-18"
                    data-testid="choroplethMap"
                  >
                    <div
                      class="MuiBox-root MuiBox-root-34 makeStyles-imageContainer-19"
                    >
                      <img
                        alt="choroplethMap"
                        src="heatmap.svg"
                      />
                    </div>
                    <span
                      class="MuiTypography-root MuiTypography-caption"
                    >
                      Choropleth
                    </span>
                  </div>
                </div>
              </div>
            </div>
          </div>
        </div>
      </div>
    </div>
  </div>
  <div
    data-test="sentinelEnd"
    tabindex="0"
  />
</div>
`;

exports[`Chart configuration wizard should match snapshot in edit mode 1`] = `
<div
  class="MuiDrawer-root MuiDrawer-modal"
  role="presentation"
  style="position: fixed; z-index: 1300; right: 0px; bottom: 0px; top: 0px; left: 0px;"
>
  <div
    aria-hidden="true"
    class="MuiBackdrop-root"
    style="opacity: 1; webkit-transition: opacity 225ms cubic-bezier(0.4, 0, 0.2, 1) 0ms; transition: opacity 225ms cubic-bezier(0.4, 0, 0.2, 1) 0ms;"
  />
  <div
    data-test="sentinelStart"
    tabindex="0"
  />
  <div
    class="MuiPaper-root MuiDrawer-paper makeStyles-paper-35 MuiDrawer-paperAnchorRight MuiPaper-elevation16"
    tabindex="-1"
  >
    <div
      class="MuiBox-root MuiBox-root-36"
    >
      <div
        class="MuiBox-root MuiBox-root-40"
      >
        <div
          class="MuiBox-root MuiBox-root-41"
        >
          <h6
            class="MuiTypography-root MuiTypography-h6"
          >
            Chart Configuration Wizard
          </h6>
          <div
            class="MuiBox-root MuiBox-root-42"
          >
            <div
              class="MuiBox-root MuiBox-root-43 makeStyles-imageContainer-37"
            >
              <img
                alt="lineChart"
                class="makeStyles-image-38"
                src="lineChart.svg"
              />
            </div>
            <p
              class="MuiTypography-root makeStyles-chartName-39 MuiTypography-body2"
            >
              Line Chart
            </p>
          </div>
        </div>
        <button
          class="MuiButtonBase-root MuiIconButton-root WithStyles(ForwardRef(IconButton))-root-44"
          data-testid="close-wizard"
          tabindex="0"
          type="button"
        >
          <span
            class="MuiIconButton-label"
          >
            <svg
              aria-hidden="true"
              class="MuiSvgIcon-root"
              focusable="false"
              viewBox="0 0 24 24"
            >
              <path
                d="M19 6.41L17.59 5 12 10.59 6.41 5 5 6.41 10.59 12 5 17.59 6.41 19 12 13.41 17.59 19 19 17.59 13.41 12z"
              />
            </svg>
          </span>
          <span
            class="MuiTouchRipple-root"
          />
        </button>
      </div>
      <div
        class="MuiBox-root MuiBox-root-45"
      >
        <div
          class="MuiBox-root MuiBox-root-51"
        >
          <div
            class="MuiBox-root MuiBox-root-52 makeStyles-tabContainer-48"
          >
            <div
              class="MuiTabs-root"
            >
              <div
                class="MuiTabs-scroller MuiTabs-fixed"
                style="overflow: hidden;"
              >
                <div
                  aria-label="disabled tabs example"
                  class="MuiTabs-flexContainer"
                  role="tablist"
                >
                  <button
                    aria-selected="true"
                    class="MuiButtonBase-root MuiTab-root makeStyles-tabRoot-49 MuiTab-textColorInherit Mui-selected"
                    role="tab"
                    tabindex="0"
                    type="button"
                  >
                    <span
                      class="MuiTab-wrapper"
                    >
                      Data
                    </span>
                    <span
                      class="MuiTouchRipple-root"
                    />
                  </button>
                </div>
                <span
                  class="PrivateTabIndicator-root-53 PrivateTabIndicator-colorPrimary-54 MuiTabs-indicator"
                  style="left: 0px; width: 0px;"
                />
              </div>
            </div>
          </div>
          <div
            class="MuiBox-root MuiBox-root-57 makeStyles-container-47"
          >
            <div
              class="MuiBox-root MuiBox-root-58"
            >
              <div
                class="MuiBox-root MuiBox-root-59"
              >
                <h6
                  class="MuiTypography-root MuiTypography-subtitle2"
                >
                  Chart Name
                </h6>
              </div>
              <div
                class="MuiFormControl-root MuiTextField-root makeStyles-textFieldRoot-50"
                data-testid="chartName"
              >
                <label
                  class="MuiFormLabel-root MuiInputLabel-root MuiInputLabel-formControl MuiInputLabel-animated MuiInputLabel-shrink MuiInputLabel-filled MuiFormLabel-filled"
                  data-shrink="true"
                  for="chartName"
                  id="chartName-label"
                >
                  Add chart name
                </label>
                <div
                  class="MuiInputBase-root MuiFilledInput-root MuiFilledInput-underline MuiInputBase-formControl"
                >
                  <input
                    aria-invalid="false"
                    class="MuiInputBase-input MuiFilledInput-input"
                    id="chartName"
                    type="text"
                    value="chart1"
                  />
                </div>
              </div>
            </div>
            <hr
              class="MuiDivider-root"
            />
            <div
              class="MuiBox-root MuiBox-root-60"
            >
              <div
                class="MuiBox-root MuiBox-root-69"
              >
                <h6
                  class="MuiTypography-root MuiTypography-subtitle2"
                >
                   Data Source 
                </h6>
              </div>
              <div
                class="MuiFormControl-root makeStyles-formControl-77"
              >
                <label
                  class="MuiFormLabel-root MuiInputLabel-root MuiInputLabel-formControl MuiInputLabel-animated MuiInputLabel-shrink MuiInputLabel-filled MuiFormLabel-filled"
                  data-shrink="true"
                  id="dropdown-label"
                >
                  select data source
                </label>
                <div
                  class="MuiInputBase-root MuiFilledInput-root MuiFilledInput-underline Mui-disabled Mui-disabled MuiInputBase-formControl"
                  data-testid="dropdown-dataSources"
                >
                  <div
                    aria-disabled="true"
                    aria-haspopup="listbox"
                    aria-labelledby="dropdown-label dropdown-dataSources"
                    class="MuiSelect-root MuiSelect-select MuiSelect-selectMenu MuiSelect-filled MuiInputBase-input MuiFilledInput-input Mui-disabled Mui-disabled Mui-disabled"
                    id="dropdown-dataSources"
                    role="button"
                  >
                    datasource1
                  </div>
                  <input
                    aria-hidden="true"
                    class="MuiSelect-nativeInput"
                    tabindex="-1"
                    value="id1"
                  />
                  <svg
                    aria-hidden="true"
                    class="MuiSvgIcon-root MuiSelect-icon MuiSelect-iconFilled Mui-disabled"
                    focusable="false"
                    viewBox="0 0 24 24"
                  >
                    <path
                      d="M7 10l5 5 5-5z"
                    />
                  </svg>
                </div>
              </div>
            </div>
            <hr
              class="MuiDivider-root"
            />
            <div
              class="MuiBox-root MuiBox-root-63"
            >
              <div>
                <div
                  class="MuiBox-root MuiBox-root-82"
                >
                  <div
                    class="MuiBox-root MuiBox-root-83"
                  >
                    <div
                      class="MuiBox-root MuiBox-root-85"
                    >
                      <div
                        class="MuiBox-root MuiBox-root-86"
                      >
                        <h6
                          class="MuiTypography-root MuiTypography-subtitle2"
                        >
                           X-axis
                        </h6>
                      </div>
                      <div
                        class="MuiBox-root MuiBox-root-87 makeStyles-fieldContainer-84"
                      >
                        <div
                          class="MuiFormControl-root makeStyles-formControl-77"
                        >
                          <label
                            class="MuiFormLabel-root MuiInputLabel-root MuiInputLabel-formControl MuiInputLabel-animated MuiInputLabel-shrink MuiInputLabel-filled MuiFormLabel-filled"
                            data-shrink="true"
                            id="dropdown-label"
                          >
                            select x axis
                          </label>
                          <div
                            class="MuiInputBase-root MuiFilledInput-root MuiFilledInput-underline MuiInputBase-formControl"
                            data-testid="dropdown-x"
                          >
                            <div
                              aria-haspopup="listbox"
                              aria-labelledby="dropdown-label dropdown-x"
                              class="MuiSelect-root MuiSelect-select MuiSelect-selectMenu MuiSelect-filled MuiInputBase-input MuiFilledInput-input"
                              id="dropdown-x"
                              role="button"
                              tabindex="0"
                            >
                              column1
                            </div>
                            <input
                              aria-hidden="true"
                              class="MuiSelect-nativeInput"
                              tabindex="-1"
                              value="column1"
                            />
                            <svg
                              aria-hidden="true"
                              class="MuiSvgIcon-root MuiSelect-icon MuiSelect-iconFilled"
                              focusable="false"
                              viewBox="0 0 24 24"
                            >
                              <path
                                d="M7 10l5 5 5-5z"
                              />
                            </svg>
                          </div>
                        </div>
                      </div>
                    </div>
                  </div>
                  <hr
                    class="MuiDivider-root"
                  />
                </div>
                <div
                  class="MuiBox-root MuiBox-root-88"
                >
                  <div
                    class="MuiBox-root MuiBox-root-89"
                  >
                    <div
                      class="MuiBox-root MuiBox-root-92"
                    >
                      <h6
                        class="MuiTypography-root MuiTypography-subtitle2"
                      >
                         Y-axis
                      </h6>
                    </div>
                    <div
                      class="MuiBox-root MuiBox-root-93 makeStyles-fieldContainer-90"
                    >
                      <div
                        class="MuiFormControl-root makeStyles-formControl-77"
                      >
                        <label
                          class="MuiFormLabel-root MuiInputLabel-root MuiInputLabel-formControl MuiInputLabel-animated MuiInputLabel-shrink MuiInputLabel-filled MuiFormLabel-filled"
                          data-shrink="true"
                          id="dropdown-label"
                        >
                          select y axis
                        </label>
                        <div
                          class="MuiInputBase-root MuiFilledInput-root MuiFilledInput-underline MuiInputBase-formControl"
                          data-testid="dropdown-y-0"
                        >
                          <div
                            aria-haspopup="listbox"
                            aria-labelledby="dropdown-label dropdown-y-0"
                            class="MuiSelect-root MuiSelect-select MuiSelect-selectMenu MuiSelect-filled MuiInputBase-input MuiFilledInput-input"
                            id="dropdown-y-0"
                            role="button"
                            tabindex="0"
                          >
                            column2
                          </div>
                          <input
                            aria-hidden="true"
                            class="MuiSelect-nativeInput"
                            tabindex="-1"
                            value="[object Object]"
                          />
                          <svg
                            aria-hidden="true"
                            class="MuiSvgIcon-root MuiSelect-icon MuiSelect-iconFilled"
                            focusable="false"
                            viewBox="0 0 24 24"
                          >
                            <path
                              d="M7 10l5 5 5-5z"
                            />
                          </svg>
                        </div>
                      </div>
                      <button
                        class="MuiButtonBase-root MuiIconButton-root WithStyles(ForwardRef(IconButton))-root-44"
                        data-testid="delete-button-dropdown-y-0"
                        tabindex="0"
                        type="button"
                      >
                        <span
                          class="MuiIconButton-label"
                        >
                          <img
                            alt="icon"
                            src="delete.svg"
                          />
                        </span>
                        <span
                          class="MuiTouchRipple-root"
                        />
                      </button>
                    </div>
                    <div
                      class="MuiBox-root MuiBox-root-94 makeStyles-addMetricButtonContainer-91"
                    >
                      <button
                        class="MuiButtonBase-root MuiButton-root MuiButton-contained MuiButton-containedSecondary MuiButton-containedSizeSmall MuiButton-sizeSmall"
                        tabindex="0"
                        type="button"
                      >
                        <span
                          class="MuiButton-label"
                        >
                          <span
                            class="MuiButton-startIcon MuiButton-iconSizeSmall"
                          >
                            <img
                              alt="icon"
                              src="plus.svg"
                            />
                          </span>
                          Add Metric
                        </span>
                        <span
                          class="MuiTouchRipple-root"
                        />
                      </button>
                    </div>
                  </div>
                  
                </div>
              </div>
            </div>
            <div
              class="MuiBox-root MuiBox-root-65 makeStyles-footer-46"
            >
              <hr
                class="MuiDivider-root"
              />
              <div
                class="MuiBox-root MuiBox-root-66"
              >
                <div
                  class="MuiBox-root MuiBox-root-68 makeStyles-buttonGroup-67"
                >
                  <button
                    class="MuiButtonBase-root MuiButton-root MuiButton-contained MuiButton-containedPrimary MuiButton-containedSizeSmall MuiButton-sizeSmall"
                    tabindex="0"
                    type="button"
                  >
                    <span
                      class="MuiButton-label"
                    >
                      Apply
                    </span>
                    <span
                      class="MuiTouchRipple-root"
                    />
                  </button>
                </div>
              </div>
            </div>
          </div>
        </div>
      </div>
    </div>
  </div>
  <div
    data-test="sentinelEnd"
    tabindex="0"
  />
</div>
`;
