// Jest Snapshot v1, https://goo.gl/fbAQLP

exports[`Chart configuration wizard should match snapshot 1`] = `
<div>
  <div
    class="MuiBox-root MuiBox-root-2"
  >
    <hr
      class="MuiDivider-root"
    />
    <div
      class="MuiBox-root MuiBox-root-3"
    >
      <h6
        class="MuiTypography-root MuiTypography-subtitle1"
      >
        Choose a chart type to start configuring your chart
      </h6>
      <div
        class="MuiBox-root MuiBox-root-4 makeStyles-chartSelectorContainer-1"
      >
        <div
          class="MuiBox-root MuiBox-root-5"
        >
          <h6
            class="MuiTypography-root MuiTypography-subtitle2"
          >
            LineChart
          </h6>
        </div>
        <div
          class="MuiBox-root MuiBox-root-6"
        >
          <div
            class="MuiBox-root MuiBox-root-11 makeStyles-buttonContainer-7 makeStyles-buttonContainer-10"
          >
            <div
              class="MuiBox-root MuiBox-root-12 makeStyles-imageContainer-8 null"
            >
              <svg
                aria-hidden="true"
                class="MuiSvgIcon-root"
                focusable="false"
                viewBox="0 0 24 24"
              >
                <path
                  d="M3 13h8V3H3v10zm0 8h8v-6H3v6zm10 0h8V11h-8v10zm0-18v6h8V3h-8z"
                />
              </svg>
            </div>
            <span
              class="MuiTypography-root MuiTypography-caption"
            >
              Line Chart
            </span>
          </div>
        </div>
      </div>
    </div>
    <hr
      class="MuiDivider-root"
    />
    <div
      class="MuiBox-root MuiBox-root-13"
    >
      <button
        class="MuiButtonBase-root MuiButton-root MuiButton-contained MuiButton-containedPrimary MuiButton-containedSizeSmall MuiButton-sizeSmall Mui-disabled Mui-disabled"
        disabled=""
        tabindex="-1"
        type="button"
      >
        <span
          class="MuiButton-label"
        >
          Next
        </span>
      </button>
    </div>
  </div>
</div>
`;
