// Jest Snapshot v1, https://goo.gl/fbAQLP

exports[`Chart configuration wizard should match snapshot 1`] = `
<div>
  <div
    class="MuiBox-root MuiBox-root-3"
  >
    <hr
      class="MuiDivider-root"
    />
    <div
      class="MuiBox-root MuiBox-root-4"
    >
      <h6
        class="MuiTypography-root MuiTypography-subtitle1"
      >
        Choose a chart type to start configuring your chart
      </h6>
      <div
        class="MuiBox-root MuiBox-root-5 makeStyles-chartSelectorContainer-1"
      >
        <div
          class="MuiBox-root MuiBox-root-6"
        >
          <div
            class="MuiBox-root MuiBox-root-7"
          >
            <h6
              class="MuiTypography-root MuiTypography-subtitle2"
            >
              Line Chart
            </h6>
          </div>
          <div
            class="MuiBox-root MuiBox-root-8"
          >
            <div
              class="MuiBox-root MuiBox-root-13 makeStyles-buttonContainer-9 makeStyles-buttonContainer-12"
              data-testid="lineChart"
            >
              <div
                class="MuiBox-root MuiBox-root-14 makeStyles-imageContainer-10 null"
              >
                <img
                  alt="lineChart"
                  src="lineChart.svg"
                />
              </div>
              <span
                class="MuiTypography-root MuiTypography-caption"
              >
                Line Chart
              </span>
            </div>
          </div>
        </div>
        <div
          class="MuiBox-root MuiBox-root-15"
        >
          <div
            class="MuiBox-root MuiBox-root-16"
          >
            <h6
              class="MuiTypography-root MuiTypography-subtitle2"
            >
              Bar Chart
            </h6>
          </div>
          <div
            class="MuiBox-root MuiBox-root-17"
          >
            <div
              class="MuiBox-root MuiBox-root-19 makeStyles-buttonContainer-9 makeStyles-buttonContainer-18"
              data-testid="barChart"
            >
              <div
                class="MuiBox-root MuiBox-root-20 makeStyles-imageContainer-10 null"
              >
                <img
                  alt="barChart"
                  src="barChart.svg"
                />
              </div>
              <span
                class="MuiTypography-root MuiTypography-caption"
              >
                Bar Chart
              </span>
            </div>
          </div>
        </div>
      </div>
    </div>
    <div
      class="MuiBox-root MuiBox-root-21 makeStyles-footer-2"
    >
      <hr
        class="MuiDivider-root"
      />
      <div
        class="MuiBox-root MuiBox-root-22"
      >
        <button
          class="MuiButtonBase-root MuiButton-root MuiButton-contained MuiButton-containedPrimary MuiButton-containedSizeSmall MuiButton-sizeSmall Mui-disabled Mui-disabled"
          disabled=""
          tabindex="-1"
          type="button"
        >
          <span
            class="MuiButton-label"
          >
            Next
          </span>
        </button>
      </div>
    </div>
  </div>
</div>
`;
