// Jest Snapshot v1, https://goo.gl/fbAQLP

exports[`Chart configuration wizard should match snapshot 1`] = `
<div>
  <div
    class="MuiBox-root MuiBox-root-3"
  >
    <hr
      class="MuiDivider-root"
    />
    <div
      class="MuiBox-root MuiBox-root-4"
    >
      <h6
        class="MuiTypography-root MuiTypography-subtitle1"
      >
        Choose a chart type to start configuring your chart
      </h6>
      <div
        class="MuiBox-root MuiBox-root-5 makeStyles-chartSelectorContainer-1"
      >
        <div
          class="MuiBox-root MuiBox-root-6"
        >
          <div
            class="MuiBox-root MuiBox-root-7"
          >
            <h6
              class="MuiTypography-root MuiTypography-subtitle2"
            >
              Line Chart
            </h6>
          </div>
          <div
            class="MuiBox-root MuiBox-root-8 makeStyles-chartTypeContainer-2"
          >
            <div
              class="MuiBox-root MuiBox-root-12 makeStyles-buttonContainer-9"
              data-testid="lineChart"
            >
              <div
                class="MuiBox-root MuiBox-root-13 makeStyles-imageContainer-10"
              >
                <img
                  alt="lineChart"
                  src="lineChart.svg"
                />
              </div>
              <span
                class="MuiTypography-root MuiTypography-caption"
              >
                Line Chart
              </span>
            </div>
          </div>
        </div>
        <div
          class="MuiBox-root MuiBox-root-14"
        >
          <div
            class="MuiBox-root MuiBox-root-15"
          >
            <h6
              class="MuiTypography-root MuiTypography-subtitle2"
            >
              Bar Chart
            </h6>
          </div>
          <div
            class="MuiBox-root MuiBox-root-16 makeStyles-chartTypeContainer-2"
          >
            <div
              class="MuiBox-root MuiBox-root-17 makeStyles-buttonContainer-9"
              data-testid="barChart"
            >
              <div
                class="MuiBox-root MuiBox-root-18 makeStyles-imageContainer-10"
              >
                <img
                  alt="barChart"
                  src="barChart.svg"
                />
              </div>
              <span
                class="MuiTypography-root MuiTypography-caption"
              >
                Bar Chart
              </span>
            </div>
          </div>
        </div>
        <div
          class="MuiBox-root MuiBox-root-19"
        >
          <div
            class="MuiBox-root MuiBox-root-20"
          >
            <h6
              class="MuiTypography-root MuiTypography-subtitle2"
            >
              Histogram
            </h6>
          </div>
          <div
            class="MuiBox-root MuiBox-root-21 makeStyles-chartTypeContainer-2"
          >
            <div
              class="MuiBox-root MuiBox-root-22 makeStyles-buttonContainer-9"
              data-testid="histogram"
            >
              <div
                class="MuiBox-root MuiBox-root-23 makeStyles-imageContainer-10"
              >
                <img
                  alt="histogram"
                  src="barChart.svg"
                />
              </div>
              <span
                class="MuiTypography-root MuiTypography-caption"
              >
                Histogram
              </span>
            </div>
          </div>
        </div>
        <div
          class="MuiBox-root MuiBox-root-24"
        >
          <div
            class="MuiBox-root MuiBox-root-25"
          >
            <h6
              class="MuiTypography-root MuiTypography-subtitle2"
            >
              Geo Chart
            </h6>
          </div>
          <div
            class="MuiBox-root MuiBox-root-26 makeStyles-chartTypeContainer-2"
          >
            <div
              class="MuiBox-root MuiBox-root-27 makeStyles-buttonContainer-9"
              data-testid="heatMap"
            >
              <div
                class="MuiBox-root MuiBox-root-28 makeStyles-imageContainer-10"
              >
                <img
                  alt="heatMap"
                  src="heatmap.svg"
                />
              </div>
              <span
                class="MuiTypography-root MuiTypography-caption"
              >
                Heatmap
              </span>
            </div>
            <div
              class="MuiBox-root MuiBox-root-29 makeStyles-buttonContainer-9"
              data-testid="choroplethMap"
            >
              <div
                class="MuiBox-root MuiBox-root-30 makeStyles-imageContainer-10"
              >
                <img
                  alt="choroplethMap"
                  src="heatmap.svg"
                />
              </div>
              <span
                class="MuiTypography-root MuiTypography-caption"
              >
                Choropleth
              </span>
            </div>
          </div>
        </div>
      </div>
    </div>
  </div>
</div>
`;
