// Jest Snapshot v1, https://goo.gl/fbAQLP

exports[`Chart configuration header should match snapshot without chart name 1`] = `
<div>
  <div
    class="MuiBox-root MuiBox-root-4"
  >
    <div
      class="MuiBox-root MuiBox-root-5"
    >
      <h6
        class="MuiTypography-root MuiTypography-h6"
      >
        Chart Configuration Wizard
      </h6>
      
    </div>
    <button
      class="MuiButtonBase-root MuiIconButton-root WithStyles(ForwardRef(IconButton))-root-6"
      data-testid="close-wizard"
      tabindex="0"
      type="button"
    >
      <span
        class="MuiIconButton-label"
      >
        <svg
          aria-hidden="true"
          class="MuiSvgIcon-root"
          focusable="false"
          viewBox="0 0 24 24"
        >
          <path
            d="M19 6.41L17.59 5 12 10.59 6.41 5 5 6.41 10.59 12 5 17.59 6.41 19 12 13.41 17.59 19 19 17.59 13.41 12z"
          />
        </svg>
      </span>
      <span
        class="MuiTouchRipple-root"
      />
    </button>
  </div>
</div>
`;
