// Jest Snapshot v1, https://goo.gl/fbAQLP

exports[`HeatMap should create a heatmap component 1`] = `
<div>
  <div
    style="height: 100%; width: 100%;"
  >
    <div
      data-testid="map-container"
      style="height: 100%; width: 100%;"
    >
      MapContainer
      TileLayer
      HeatMapLayer
      {"points":[[2,1,2],[3,2,3]],"options":{"max":3,"radius":75}}
    </div>
  </div>
</div>
`;
