// Jest Snapshot v1, https://goo.gl/fbAQLP

exports[`Dashboard Navbar should render dashboard view for given dashboard data and project name  1`] = `
<div>
  <div
    class="MuiBox-root MuiBox-root-8"
  >
    <div
      class="MuiBox-root MuiBox-root-9"
    >
      <h6
        class="MuiTypography-root MuiTypography-subtitle2"
      >
        Dashboards 
      </h6>
      <button
        class="MuiButtonBase-root MuiIconButton-root WithStyles(ForwardRef(IconButton))-root-10"
        data-testid="add-dashboard-button"
        tabindex="0"
        type="button"
      >
        <span
          class="MuiIconButton-label"
        >
          <img
            alt="icon"
            src="addDashboard.svg"
          />
        </span>
        <span
          class="MuiTouchRipple-root"
        />
      </button>
    </div>
    <div
      class="MuiTabs-root MuiTabs-vertical"
    >
      <div
        class="MuiTabs-scroller MuiTabs-fixed"
        style="overflow: hidden;"
      >
        <div
          class="MuiTabs-flexContainer MuiTabs-flexContainerVertical"
          role="tablist"
        >
          <div
            class="MuiBox-root MuiBox-root-17 makeStyles-root-11 makeStyles-selected-15"
            data-testid="tab-0"
          >
            <div
              class="MuiBox-root MuiBox-root-18 makeStyles-iconLabelWrapper-12"
            >
              <div
                class="MuiBox-root MuiBox-root-19 makeStyles-icon-14"
              >
                <img
                  alt="dashboard-logo"
                  src="dashboard-icon.svg"
                />
              </div>
              dashboard1
            </div>
            <div
              class="MuiBox-root MuiBox-root-20 makeStyles-optionIcon-13"
            >
              <button
                class="MuiButtonBase-root MuiIconButton-root WithStyles(ForwardRef(IconButton))-root-10"
                tabindex="0"
                type="button"
              >
                <span
                  class="MuiIconButton-label"
                >
                  <img
                    alt="options-logo"
                    src="optionsIcon.svg"
                  />
                </span>
                <span
                  class="MuiTouchRipple-root"
                />
              </button>
            </div>
            <div
              class="MuiBox-root MuiBox-root-26"
            >
              <span
                class="MuiTab-wrapper"
              />
              <span
                class="MuiTouchRipple-root"
              />
            </div>
          </div>
        </div>
        <span
          class="PrivateTabIndicator-root-27 PrivateTabIndicator-colorSecondary-29 MuiTabs-indicator makeStyles-indicator-7 PrivateTabIndicator-vertical-30"
          style="top: 0px; height: 0px;"
        />
      </div>
    </div>
  </div>
</div>
`;
