// Jest Snapshot v1, https://goo.gl/fbAQLP

exports[`Project should render child without any api call if project id is undefined 1`] = `
<div>
  <div
    class="MuiBox-root MuiBox-root-11 makeStyles-layoutContainer-8"
  >
    <div
      class="MuiBox-root MuiBox-root-12 makeStyles-sideBarLayout-9"
    >
      <div
        class="MuiBox-root MuiBox-root-14"
      >
        <div
          class="MuiBox-root MuiBox-root-15"
        >
          <h6
            class="MuiTypography-root MuiTypography-subtitle2"
          >
            Dashboards 
          </h6>
          <button
            class="MuiButtonBase-root MuiIconButton-root WithStyles(ForwardRef(IconButton))-root-16"
            data-testid="add-dashboard-button"
            tabindex="0"
            type="button"
          >
            <span
              class="MuiIconButton-label"
            >
              <img
                alt="icon"
                src="addDashboard.svg"
              />
            </span>
            <span
              class="MuiTouchRipple-root"
            />
          </button>
        </div>
        <div
          class="MuiTabs-root MuiTabs-vertical"
        >
          <div
            class="MuiTabs-scroller MuiTabs-fixed"
            style="overflow: hidden;"
          >
            <div
              class="MuiTabs-flexContainer MuiTabs-flexContainerVertical"
              role="tablist"
            />
            <span
              class="PrivateTabIndicator-root-18 PrivateTabIndicator-colorSecondary-20 MuiTabs-indicator makeStyles-indicator-13 PrivateTabIndicator-vertical-21"
              style="top: 0px; height: 0px;"
            />
          </div>
        </div>
      </div>
    </div>
    <div
      class="MuiBox-root MuiBox-root-17 makeStyles-viewContainer-10"
    >
      <div>
        <div>
          ProjectLayout Child
        </div>
        <button
          type="button"
        >
          add dashboard
        </button>
        {
  "projectMetadata": {
    "id": null,
    "name": "untitled project"
  },
  "selectedDashboardMetadata": {}
}
      </div>
    </div>
  </div>
</div>
`;
