// Jest Snapshot v1, https://goo.gl/fbAQLP

exports[`<TimeSliderConfig/> should match snapshot when toggle is off 1`] = `
<div>
  <div
    class="MuiBox-root MuiBox-root-3"
  >
    <div
      class="MuiBox-root MuiBox-root-4 makeStyles-headerContainer-2"
    >
      <h6
        class="MuiTypography-root MuiTypography-subtitle2"
      >
        Time Dimension
      </h6>
      <div
        class="MuiBox-root MuiBox-root-5"
      >
        <div
          class="MuiBox-root MuiBox-root-7 makeStyles-container-6"
        >
          <div
            class="MuiBox-root MuiBox-root-8"
          >
            No
          </div>
          <span
            class="MuiSwitch-root WithStyles(ForwardRef(Switch))-root-9"
          >
            <span
              aria-disabled="false"
              class="MuiButtonBase-root MuiIconButton-root PrivateSwitchBase-root-14 MuiSwitch-switchBase WithStyles(ForwardRef(Switch))-switchBase-10 MuiSwitch-colorSecondary"
              data-testid="toggle-time-slider"
            >
              <span
                class="MuiIconButton-label"
              >
                <input
                  class="PrivateSwitchBase-input-17 MuiSwitch-input"
                  type="checkbox"
                  value=""
                />
                <span
                  class="MuiSwitch-thumb WithStyles(ForwardRef(Switch))-thumb-11"
                />
              </span>
              <span
                class="MuiTouchRipple-root"
              />
            </span>
            <span
              class="MuiSwitch-track WithStyles(ForwardRef(Switch))-track-12"
            />
          </span>
          <div
            class="MuiBox-root MuiBox-root-18"
          >
            Yes
          </div>
        </div>
      </div>
    </div>
  </div>
</div>
`;

exports[`<TimeSliderConfig/> should match snapshot when toggle is on 1`] = `
<div>
  <div
    class="MuiBox-root MuiBox-root-21"
  >
    <div
      class="MuiBox-root MuiBox-root-22 makeStyles-headerContainer-20"
    >
      <h6
        class="MuiTypography-root MuiTypography-subtitle2"
      >
        Time Dimension
      </h6>
      <div
        class="MuiBox-root MuiBox-root-23"
      >
        <div
          class="MuiBox-root MuiBox-root-25 makeStyles-container-24"
        >
          <div
            class="MuiBox-root MuiBox-root-26"
          >
            No
          </div>
          <span
            class="MuiSwitch-root WithStyles(ForwardRef(Switch))-root-27"
          >
            <span
              aria-disabled="false"
              class="MuiButtonBase-root MuiIconButton-root PrivateSwitchBase-root-32 MuiSwitch-switchBase WithStyles(ForwardRef(Switch))-switchBase-28 MuiSwitch-colorSecondary PrivateSwitchBase-checked-33 Mui-checked WithStyles(ForwardRef(Switch))-checked-31"
              data-testid="toggle-time-slider"
            >
              <span
                class="MuiIconButton-label"
              >
                <input
                  class="PrivateSwitchBase-input-35 MuiSwitch-input"
                  type="checkbox"
                  value=""
                />
                <span
                  class="MuiSwitch-thumb WithStyles(ForwardRef(Switch))-thumb-29"
                />
              </span>
              <span
                class="MuiTouchRipple-root"
              />
            </span>
            <span
              class="MuiSwitch-track WithStyles(ForwardRef(Switch))-track-30"
            />
          </span>
          <div
            class="MuiBox-root MuiBox-root-36"
          >
            Yes
          </div>
        </div>
      </div>
    </div>
    <div
      class="MuiBox-root MuiBox-root-37 makeStyles-fieldContainer-19"
    >
      <div
        class="MuiBox-root MuiBox-root-38"
      >
        <p
          class="MuiTypography-root MuiTypography-body1"
        >
          Time
        </p>
        <div
          class="MuiFormControl-root makeStyles-formControl-39"
        >
          <label
            class="MuiFormLabel-root MuiInputLabel-root MuiInputLabel-formControl MuiInputLabel-animated MuiInputLabel-filled"
            data-shrink="false"
            id="dropdown-label"
          >
            select Time Metrics
          </label>
          <div
            class="MuiInputBase-root MuiFilledInput-root MuiFilledInput-underline MuiInputBase-formControl"
            data-testid="timeMetrics"
          >
            <div
              aria-haspopup="listbox"
              aria-labelledby="dropdown-label timeMetrics"
              class="MuiSelect-root MuiSelect-select MuiSelect-selectMenu MuiSelect-filled MuiInputBase-input MuiFilledInput-input"
              id="timeMetrics"
              role="button"
              tabindex="0"
            >
              <span>
                ​
              </span>
            </div>
            <input
              aria-hidden="true"
              class="MuiSelect-nativeInput"
              tabindex="-1"
              value=""
            />
            <svg
              aria-hidden="true"
              class="MuiSvgIcon-root MuiSelect-icon MuiSelect-iconFilled"
              focusable="false"
              viewBox="0 0 24 24"
            >
              <path
                d="M7 10l5 5 5-5z"
              />
            </svg>
          </div>
        </div>
      </div>
    </div>
  </div>
</div>
`;
