// Jest Snapshot v1, https://goo.gl/fbAQLP

exports[`<ConfigSelector /> should match snapshot for configs for line chart 1`] = `
<div>
  <div>
    <div
      class="MuiBox-root MuiBox-root-3"
    >
      <div
        class="MuiBox-root MuiBox-root-4"
      >
        <div>
          select x axis
        </div>
      </div>
      <hr
        class="MuiDivider-root"
      />
    </div>
    <div
      class="MuiBox-root MuiBox-root-5"
    >
      <div
        class="MuiBox-root MuiBox-root-6"
      >
        <div>
          select y axis
        </div>
      </div>
      
    </div>
  </div>
</div>
`;
