// Jest Snapshot v1, https://goo.gl/fbAQLP

exports[`<ConfigSelector /> should match snapshot for configs for line chart 1`] = `
<div>
  <form>
    <input
      name="chartName"
      value=""
    />
    <input
      name="dataSource"
      value="datasourceID"
    />
    <div>
      <div
        class="MuiBox-root MuiBox-root-9"
      >
        <div
          class="MuiBox-root MuiBox-root-10"
        >
          <div>
            Select x axis
          </div>
        </div>
        <hr
          class="MuiDivider-root"
        />
      </div>
      <div
        class="MuiBox-root MuiBox-root-11"
      >
        <div
          class="MuiBox-root MuiBox-root-12"
        >
          <div>
            Select y axis
          </div>
        </div>
        
      </div>
    </div>
    <button
      type="submit"
    >
      submit
    </button>
  </form>
</div>
`;
