// Jest Snapshot v1, https://goo.gl/fbAQLP

exports[`withOverlayLoaderOrError should provide overlay loader error context to child component 1`] = `
<div>
  <div>
    <button
      class="MuiButtonBase-root MuiButton-root MuiButton-text"
      tabindex="0"
      type="button"
    >
      <span
        class="MuiButton-label"
      >
        startLoader
      </span>
      <span
        class="MuiTouchRipple-root"
      />
    </button>
    <button
      class="MuiButtonBase-root MuiButton-root MuiButton-text"
      tabindex="0"
      type="button"
    >
      <span
        class="MuiButton-label"
      >
        stopLoader
      </span>
      <span
        class="MuiTouchRipple-root"
      />
    </button>
    <button
      class="MuiButtonBase-root MuiButton-root MuiButton-text"
      tabindex="0"
      type="button"
    >
      <span
        class="MuiButton-label"
      >
        showError
      </span>
      <span
        class="MuiTouchRipple-root"
      />
    </button>
    Dummy Component
  </div>
</div>
`;
