// Jest Snapshot v1, https://goo.gl/fbAQLP

exports[`Create element should provide element with data-grid 1`] = `
<div>
  <div
    data-grid="[object Object]"
    data-testid="id-1"
  >
    <div
      class="MuiBox-root MuiBox-root-6 dragHandler makeStyles-dragIconContainer-5"
    >
      <img
        alt="drag"
        src="dragIcon.svg"
      />
    </div>
    <div
      class="MuiBox-root MuiBox-root-7 makeStyles-widgetTitle-4"
    >
      <p
        class="MuiTypography-root MuiTypography-body2 makeStyles-chartName-3"
      >
        title
      </p>
      <button
        class="MuiButtonBase-root MuiIconButton-root WithStyles(ForwardRef(IconButton))-root-9 makeStyles-root-8"
        data-testid="widget-menu"
        tabindex="0"
        type="button"
      >
        <span
          class="MuiIconButton-label"
        >
          <svg
            aria-hidden="true"
            class="MuiSvgIcon-root"
            color="#797d82"
            focusable="false"
            viewBox="0 0 24 24"
          >
            <path
              d="M12 8c1.1 0 2-.9 2-2s-.9-2-2-2-2 .9-2 2 .9 2 2 2zm0 2c-1.1 0-2 .9-2 2s.9 2 2 2 2-.9 2-2-.9-2-2-2zm0 6c-1.1 0-2 .9-2 2s.9 2 2 2 2-.9 2-2-.9-2-2-2z"
            />
          </svg>
        </span>
      </button>
    </div>
    <div
      class="MuiBox-root MuiBox-root-15 makeStyles-chartContainer-1"
    >
      <div>
        Chart:
        Linechart
        <span>
          config = {"chartName":"title"}
        </span>
      </div>
    </div>
  </div>
</div>
`;
