// Jest Snapshot v1, https://goo.gl/fbAQLP

exports[`<widgetMenu> should render all the menu 1`] = `
<body
  style="padding-right: 0px; overflow: hidden;"
>
  <div
    aria-hidden="true"
  >
    <button
      class="MuiButtonBase-root MuiIconButton-root makeStyles-root-1"
      data-testid="widget-menu"
      tabindex="0"
      type="button"
    >
      <span
        class="MuiIconButton-label"
      >
        <svg
          aria-hidden="true"
          class="MuiSvgIcon-root"
          color="#797d82"
          focusable="false"
          viewBox="0 0 24 24"
        >
          <path
            d="M12 8c1.1 0 2-.9 2-2s-.9-2-2-2-2 .9-2 2 .9 2 2 2zm0 2c-1.1 0-2 .9-2 2s.9 2 2 2 2-.9 2-2-.9-2-2-2zm0 6c-1.1 0-2 .9-2 2s.9 2 2 2 2-.9 2-2-.9-2-2-2z"
          />
        </svg>
      </span>
    </button>
  </div>
  <div
    class="MuiPopover-root"
    id="simple-menu"
    role="presentation"
    style="position: fixed; z-index: 1300; right: 0px; bottom: 0px; top: 0px; left: 0px;"
  >
    <div
      aria-hidden="true"
      style="z-index: -1; position: fixed; right: 0px; bottom: 0px; top: 0px; left: 0px; background-color: transparent;"
    />
    <div
      data-test="sentinelStart"
      tabindex="0"
    />
    <div
      class="MuiPaper-root MuiMenu-paper makeStyles-menuPaper-4 MuiPopover-paper makeStyles-popoverPaper-3 MuiPaper-elevation8 MuiPaper-rounded"
      style="opacity: 1; transform: scale(1, 1); transition: opacity 0ms cubic-bezier(0.4, 0, 0.2, 1) 0ms,transform 0ms cubic-bezier(0.4, 0, 0.2, 1) 0ms; top: 16px; left: 16px; transform-origin: -16px -16px;"
      tabindex="-1"
    >
      <ul
        class="MuiList-root MuiMenu-list MuiList-padding"
        role="menu"
        tabindex="-1"
      >
        <div
          autofocus=""
          tabindex="0"
        >
          <li
            aria-disabled="false"
            class="MuiButtonBase-root MuiListItem-root MuiMenuItem-root makeStyles-root-2 MuiMenuItem-gutters MuiListItem-gutters MuiListItem-button"
            data-testid="EditChart"
            role="menuitem"
            tabindex="-1"
          >
            <div
              class="MuiBox-root MuiBox-root-7 makeStyles-menuOption-5"
            >
              <svg
                aria-hidden="true"
                class="MuiSvgIcon-root"
                focusable="false"
                viewBox="0 0 24 24"
              >
                <path
                  d="M14.06 9.02l.92.92L5.92 19H5v-.92l9.06-9.06M17.66 3c-.25 0-.51.1-.7.29l-1.83 1.83 3.75 3.75 1.83-1.83c.39-.39.39-1.02 0-1.41l-2.34-2.34c-.2-.2-.45-.29-.71-.29zm-3.6 3.19L3 17.25V21h3.75L17.81 9.94l-3.75-3.75z"
                />
              </svg>
              <div
                class="MuiBox-root MuiBox-root-8"
              >
                <p
                  class="MuiTypography-root MuiTypography-body2"
                >
                  Configure Chart
                </p>
              </div>
            </div>
            <span
              class="MuiTouchRipple-root"
            />
          </li>
        </div>
        <div>
          <hr
            class="MuiDivider-root"
          />
          <li
            aria-disabled="false"
            class="MuiButtonBase-root MuiListItem-root MuiMenuItem-root makeStyles-root-2 MuiMenuItem-gutters MuiListItem-gutters MuiListItem-button"
            data-testid="DeleteChart"
            role="menuitem"
            tabindex="-1"
          >
            <div
              class="MuiBox-root MuiBox-root-9 makeStyles-menuOption-5"
            >
              <svg
                aria-hidden="true"
                class="MuiSvgIcon-root"
                focusable="false"
                viewBox="0 0 24 24"
              >
                <path
                  d="M6 19c0 1.1.9 2 2 2h8c1.1 0 2-.9 2-2V7H6v12zM8 9h8v10H8V9zm7.5-5l-1-1h-5l-1 1H5v2h14V4z"
                />
              </svg>
              <div
                class="MuiBox-root MuiBox-root-10"
              >
                <p
                  class="MuiTypography-root MuiTypography-body2"
                >
                  Delete Chart
                </p>
              </div>
            </div>
            <span
              class="MuiTouchRipple-root"
            />
          </li>
        </div>
      </ul>
    </div>
    <div
      data-test="sentinelEnd"
      tabindex="0"
    />
  </div>
</body>
`;
