// Jest Snapshot v1, https://goo.gl/fbAQLP

exports[`<Widget /> should match snapshot 1`] = `
<div>
  <div
    class="MuiBox-root MuiBox-root-8 dragHandler makeStyles-dragIconContainer-5"
  >
    <img
      alt="drag"
      src="dragIcon.svg"
    />
  </div>
  <div
    class="MuiBox-root MuiBox-root-9 makeStyles-widgetTitle-4"
  >
    <p
      class="MuiTypography-root MuiTypography-body2 makeStyles-chartName-3"
    >
      Line Chart
    </p>
    <div
      class="MuiBox-root MuiBox-root-10 makeStyles-menubar-7"
    >
      <button
        class="MuiButtonBase-root MuiIconButton-root WithStyles(ForwardRef(IconButton))-root-11 makeStyles-icon-6"
        data-testid="snapshot-button"
        tabindex="0"
        title="take snapshot"
        type="button"
      >
        <span
          class="MuiIconButton-label"
        >
          <svg
            aria-hidden="true"
            class="MuiSvgIcon-root MuiSvgIcon-fontSizeSmall"
            color="#797d82"
            focusable="false"
            viewBox="0 0 24 24"
          >
            <circle
              cx="12"
              cy="12"
              r="3.2"
            />
            <path
              d="M9 2L7.17 4H4c-1.1 0-2 .9-2 2v12c0 1.1.9 2 2 2h16c1.1 0 2-.9 2-2V6c0-1.1-.9-2-2-2h-3.17L15 2H9zm3 15c-2.76 0-5-2.24-5-5s2.24-5 5-5 5 2.24 5 5-2.24 5-5 5z"
            />
          </svg>
        </span>
        <span
          class="MuiTouchRipple-root"
        />
      </button>
      <button
        class="MuiButtonBase-root MuiIconButton-root WithStyles(ForwardRef(IconButton))-root-11 makeStyles-root-12"
        data-testid="widget-menu"
        tabindex="0"
        type="button"
      >
        <span
          class="MuiIconButton-label"
        >
          <svg
            aria-hidden="true"
            class="MuiSvgIcon-root"
            color="#797d82"
            focusable="false"
            viewBox="0 0 24 24"
          >
            <path
              d="M12 8c1.1 0 2-.9 2-2s-.9-2-2-2-2 .9-2 2 .9 2 2 2zm0 2c-1.1 0-2 .9-2 2s.9 2 2 2 2-.9 2-2-.9-2-2-2zm0 6c-1.1 0-2 .9-2 2s.9 2 2 2 2-.9 2-2-.9-2-2-2z"
            />
          </svg>
        </span>
      </button>
    </div>
  </div>
  <div
    class="MuiBox-root MuiBox-root-18 makeStyles-chartContainer-1"
  >
    Line Chart
  </div>
</div>
`;
