// Jest Snapshot v1, https://goo.gl/fbAQLP

exports[`NewUserHomeScreen should match snapshot 1`] = `
<div>
  <div
    class="MuiBox-root MuiBox-root-5 makeStyles-mainContainer-1"
  >
    <div
      class="MuiBox-root MuiBox-root-6 makeStyles-itemsCentered-4"
    >
      <img
        alt="logo"
        height="148"
        src="welcomePlaceholder.svg"
        width="148"
      />
    </div>
    <h4
      class="MuiTypography-root makeStyles-textCentered-2 MuiTypography-h4"
    >
      Welcome to BharatSim
    </h4>
    <div
      class="MuiBox-root MuiBox-root-7 makeStyles-introTextContainer-3"
    >
      <p
        class="MuiTypography-root makeStyles-textCentered-2 MuiTypography-body2"
      >
        BharatSim Visualization engine would accept Simulation engine output or any csv data file and would help users to visualize it by means of creating different graphs and charts.
      </p>
    </div>
    <div
      class="MuiBox-root MuiBox-root-8 makeStyles-itemsCentered-4"
    >
      <div
        class="MuiBox-root MuiBox-root-10 makeStyles-buttonGroup-9"
      >
        <button
          class="MuiButtonBase-root MuiButton-root MuiButton-contained MuiButton-containedPrimary MuiButton-containedSizeLarge MuiButton-sizeLarge"
          tabindex="0"
          type="button"
        >
          <span
            class="MuiButton-label"
          >
            Create new Project
          </span>
          <span
            class="MuiTouchRipple-root"
          />
        </button>
      </div>
    </div>
  </div>
</div>
`;
