// Jest Snapshot v1, https://goo.gl/fbAQLP

exports[`BarChart should have fetched text in <BarChart /> component 1`] = `
<div>
  <div
    style="width: 100%; height: 100%; padding: 0px;"
  >
    <div>
      <span>
        bar chart
      </span>
      <pre>
        layout = {"legend":{"x":0.5,"y":-0.2,"orientation":"h","margin":{"l":0,"r":0,"b":0,"t":0},"xanchor":"center","font":{"color":"#929599","family":"Roboto","size":12,"weight":400}},"colorway":["#EC3237","#FAA847","#21C694","#1E3FD8","#C962BE","#62CEFF"],"autosize":true,"margin":{"l":32,"r":0,"b":60,"t":20},"font":{"family":"Roboto","size":10,"weight":400},"xaxis":{"title":{"text":"hour","standoff":8,"font":{"family":"Roboto","size":14,"weight":700}},"showline":true,"tickwidth":1,"tick0":0,"automargin":false,"autotypenumbers":"strict","color":"#929599","zerolinecolor":"#c5c7cb","linewidth":0.5,"gridwidth":0.5,"zerolinewidth":0.5},"yaxis":{"title":{"standoff":8},"ticklabelposition":"outside","showline":true,"tickwidth":1,"tick0":0,"automargin":false,"color":"#929599","zerolinecolor":"#c5c7cb","linewidth":0.5,"gridwidth":0.5,"zerolinewidth":0.5}}
        data = [{"x":[1,2],"y":[2,3],"type":"bar","name":"exposed","line":{"shape":"spline"},"showspikes":true,"scale":"log","hoverlabel":{"bgcolor":"#fff","bordercolor":"#EC3237","font":{"color":"#000"}},"hoverinfo":"x+y","hovertemplate":"%{fullData.name}: %{y}&lt;extra&gt;&lt;/extra&gt;","transforms":[{"type":"sort","target":"x"}]}]
        useResizeHandler = true
        style = {"width":"100%","height":"100%"}
        config = {"modeBarButtonsToRemove":["select2d","lasso2d","toImage"],"displaylogo":false}
      </pre>
    </div>
  </div>
</div>
`;
