// Jest Snapshot v1, https://goo.gl/fbAQLP

exports[`ErrorButton should match snapshot 1`] = `
<div>
  <button
    class="MuiButtonBase-root MuiButton-root MuiButton-text makeStyles-text-1"
    tabindex="0"
    type="button"
  >
    <span
      class="MuiButton-label"
    >
      Test 
    </span>
    <span
      class="MuiTouchRipple-root"
    />
  </button>
</div>
`;
