// Jest Snapshot v1, https://goo.gl/fbAQLP

exports[`<TimeSlider /> should match snapshot 1`] = `
<div>
  <div
    class="makeStyles-root-1"
  >
    <div
      class="MuiBox-root MuiBox-root-3"
    >
      <p
        class="MuiTypography-root makeStyles-title-2 MuiTypography-body1"
      >
        slider title: 1
      </p>
    </div>
    <div>
      <pre>
        defaultValue = 1
        aria-labelledby = Time Slider
        step = null
        marks = [{"value":1,"label":1},{"value":3},{"value":5,"label":5}]
        onChange = function onChange
        min = 1
        max = 5
        value = 1
        valueLabelDisplay = off
      </pre>
      <pre
        data-testid="marks-container"
      >
        [{"value":1,"label":1},{"value":3},{"value":5,"label":5}]
      </pre>
      <input
        aria-labelledby="Time Slider"
        data-testid="time-slider"
        max="5"
        min="1"
        value="1"
      />
    </div>
  </div>
</div>
`;
